--- FARM LOG START: 4/2/2026, 11:42:29 PM ---
[11:42:29 PM] 💎 [10x ROI Farm] Preparing 4 LDPlayer instances... (Resource Optimized)
[11:42:29 PM]    - Closing & Randomizing Instance 0...
[11:42:33 PM]    - Closing & Randomizing Instance 1...
[11:42:36 PM]    - Closing & Randomizing Instance 2...
[11:42:39 PM]    - Closing & Randomizing Instance 3...
[11:42:42 PM] 🚀 [10x ROI Farm] Launching 4 instances (Staggered 45s)...
[11:42:42 PM]    - Starting Instance 0...
[11:43:27 PM]    - Starting Instance 1...
[11:44:12 PM]    - Starting Instance 2...
[11:44:57 PM]    - Starting Instance 3...
[11:45:42 PM] 🎯 [10x ROI Farm] Starting V22 ROI Controller...

💎 LOCAL 10x ROI FARM INITIALIZING... 💎
- Target: 7 LDPlayer Instances (Unlimited Duration)
😴 Waiting for LDPlayer instances to boot...

--- 🚀 STARTING 4-WORKER REVENUE CYCLE ---
[Worker 1] 🔄 Initializing on emulator-5554...
[Elite Action] 🌐 Setting system proxy on emulator-5554: 9.142.10.241:5897
[Worker 1] 🚀 LAUNCHING ULTRA-ELITE SESSION: https://www.bongochoti.com/
[Elite Action] ⌨️  Handling Proxy Auth Dialog on emulator-5554...
[Worker 2] 🔄 Initializing on emulator-5556...
[Elite Action] 🌐 Setting system proxy on emulator-5556: 192.46.188.26:5685
[Worker 2] 🚀 LAUNCHING ULTRA-ELITE SESSION: https://www.bongochoti.com/
[Elite Action] ⌨️  Handling Proxy Auth Dialog on emulator-5556...
[Worker 1] 👻 Ghost Dwell active (Building Site Trust)...
[Worker 3] 🔄 Initializing on emulator-5558...
[Elite Action] 🌐 Setting system proxy on emulator-5558: 192.46.188.26:5685
[Worker 3] 🚀 LAUNCHING ULTRA-ELITE SESSION: https://www.bongochoti.com/
[Elite Action] ⌨️  Handling Proxy Auth Dialog on emulator-5558...
[Worker 2] 👻 Ghost Dwell active (Building Site Trust)...
[Worker 4] 🔄 Initializing on emulator-5560...
[Elite Action] 🌐 Setting system proxy on emulator-5560: 9.142.10.241:5897
[Worker 4] 🚀 LAUNCHING ULTRA-ELITE SESSION: https://www.bongochoti.com/
[Elite Action] ⌨️  Handling Proxy Auth Dialog on emulator-5560...
[Worker 3] 👻 Ghost Dwell active (Building Site Trust)...
[Worker 1] 📖 Page 1/6 in progress...
[Elite Action] 🫥 Phantom Click at 392,1181 (Triggering Popunder...)
[Worker 4] 👻 Ghost Dwell active (Building Site Trust)...
[Worker 2] 📖 Page 1/3 in progress...
[Elite Action] 🫥 Phantom Click at 230,1338 (Triggering Popunder...)
[Worker 3] 📖 Page 1/7 in progress...
[Elite Action] 🫥 Phantom Click at 531,1124 (Triggering Popunder...)
[Worker 4] 📖 Page 1/4 in progress...
[Elite Action] 🫥 Phantom Click at 372,1117 (Triggering Popunder...)
[Elite Action] 🫥 Phantom Click at 376,1092 (Triggering Popunder...)
[Elite Action] 🫥 Phantom Click at 309,1383 (Triggering Popunder...)
[Elite Action] 🫥 Phantom Click at 226,1335 (Triggering Popunder...)
[Elite Action] 🫥 Phantom Click at 578,1189 (Triggering Popunder...)
[Elite Action] 🫥 Phantom Click at 419,1010 (Triggering Popunder...)
[Elite Action] 🫥 Phantom Click at 306,1374 (Triggering Popunder...)
[Elite Action] 🫥 Phantom Click at 508,1084 (Triggering Popunder...)
[Elite Action] 🫥 Phantom Click at 426,1314 (Triggering Popunder...)
[Elite Action] 🫥 Phantom Click at 480,932 (Triggering Popunder...)
[Elite Action] 🫥 Phantom Click at 497,1084 (Triggering Popunder...)
[Elite Action] 🫥 Phantom Click at 482,1133 (Triggering Popunder...)
[Elite Action] 🫥 Phantom Click at 560,982 (Triggering Popunder...)
[Elite Action] 🫥 Phantom Click at 361,824 (Triggering Popunder...)
[Elite Action] 🫥 Phantom Click at 385,860 (Triggering Popunder...)
[Elite Action] 🫥 Phantom Click at 531,1097 (Triggering Popunder...)
[Elite Action] 🫥 Phantom Click at 588,1215 (Triggering Popunder...)
[Worker 1] 🔗 Navigating to internal content...
[Worker 3] 🔗 Navigating to internal content...
[Worker 1] 📖 Page 2/6 in progress...
[Elite Action] 🫥 Phantom Click at 438,1037 (Triggering Popunder...)
[Worker 3] 📖 Page 2/7 in progress...
[Elite Action] 🫥 Phantom Click at 283,1087 (Triggering Popunder...)
[Elite Action] 🫥 Phantom Click at 596,1236 (Triggering Popunder...)
[Elite Action] 🫥 Phantom Click at 574,1300 (Triggering Popunder...)
[Worker 4] 🔗 Navigating to internal content...
[Elite Action] 🫥 Phantom Click at 505,1270 (Triggering Popunder...)
[Elite Action] 🫥 Phantom Click at 430,1086 (Triggering Popunder...)
[Worker 4] 📖 Page 2/4 in progress...
[Elite Action] 🫥 Phantom Click at 428,1059 (Triggering Popunder...)
[Worker 2] 🔗 Navigating to internal content...
[Worker 2] 📖 Page 2/3 in progress...
[Elite Action] 🫥 Phantom Click at 448,1225 (Triggering Popunder...)
[Elite Action] 🫥 Phantom Click at 267,1099 (Triggering Popunder...)
[Elite Action] 🫥 Phantom Click at 252,1173 (Triggering Popunder...)
[Elite Action] 🫥 Phantom Click at 230,843 (Triggering Popunder...)
[Elite Action] 🫥 Phantom Click at 383,1262 (Triggering Popunder...)
[Worker 3] 🔗 Navigating to internal content...
[Worker 3] 📖 Page 3/7 in progress...
[Elite Action] 🫥 Phantom Click at 562,993 (Triggering Popunder...)
[Elite Action] 🫥 Phantom Click at 281,1161 (Triggering Popunder...)
[Elite Action] 🫥 Phantom Click at 589,929 (Triggering Popunder...)
[Elite Action] 🫥 Phantom Click at 487,811 (Triggering Popunder...)
[Elite Action] 🫥 Phantom Click at 227,1376 (Triggering Popunder...)
[Elite Action] 🫥 Phantom Click at 261,1135 (Triggering Popunder...)
[Elite Action] 🫥 Phantom Click at 253,1047 (Triggering Popunder...)
[Elite Action] 🫥 Phantom Click at 590,894 (Triggering Popunder...)
[Elite Action] 🫥 Phantom Click at 295,1175 (Triggering Popunder...)
[Worker 3] 🔗 Navigating to internal content...
[Worker 2] 🔗 Navigating to internal content...
[Worker 3] 📖 Page 4/7 in progress...
[Worker 2] 📖 Page 3/3 in progress...
[Elite Action] 🫥 Phantom Click at 552,1205 (Triggering Popunder...)
[Elite Action] 🫥 Phantom Click at 322,1057 (Triggering Popunder...)
[Elite Action] 🫥 Phantom Click at 206,1095 (Triggering Popunder...)
[Worker 4] 🔗 Navigating to internal content...
[Worker 1] 🔗 Navigating to internal content...
[Worker 4] 📖 Page 3/4 in progress...
[Worker 1] 📖 Page 3/6 in progress...
[Elite Action] 🫥 Phantom Click at 567,857 (Triggering Popunder...)
[Elite Action] 🫥 Phantom Click at 505,979 (Triggering Popunder...)
[Elite Action] 🫥 Phantom Click at 561,886 (Triggering Popunder...)
[Elite Action] 🫥 Phantom Click at 500,1021 (Triggering Popunder...)
[Elite Action] 🫥 Phantom Click at 496,975 (Triggering Popunder...)
[Elite Action] 🫥 Phantom Click at 557,900 (Triggering Popunder...)
[Elite Action] 🫥 Phantom Click at 543,920 (Triggering Popunder...)
[Elite Action] 🫥 Phantom Click at 518,1216 (Triggering Popunder...)
[Elite Action] 🫥 Phantom Click at 371,968 (Triggering Popunder...)
[Elite Action] 🫥 Phantom Click at 430,1338 (Triggering Popunder...)
[Elite Action] 🫥 Phantom Click at 269,956 (Triggering Popunder...)
[Elite Action] 🫥 Phantom Click at 583,1317 (Triggering Popunder...)
[Elite Action] 🫥 Phantom Click at 462,952 (Triggering Popunder...)
[Worker 3] 🔗 Navigating to internal content...
[Elite Action] 🫥 Phantom Click at 332,969 (Triggering Popunder...)
[Worker 3] 📖 Page 5/7 in progress...
[Elite Action] 🫥 Phantom Click at 509,1104 (Triggering Popunder...)
[Elite Action] 🫥 Phantom Click at 557,1374 (Triggering Popunder...)
[Worker 2] ✅ SESSION COMPLETE. ROI STATUS: OPTIMIZED.
📡 [Notify]: ✅ [Worker 2] Finished 10x ROI session on emulator-5556.
[Elite Action] 🫥 Phantom Click at 430,930 (Triggering Popunder...)
[Worker 1] 🔗 Navigating to internal content...
[Worker 1] 📖 Page 4/6 in progress...
[Elite Action] 🫥 Phantom Click at 449,992 (Triggering Popunder...)
[Elite Action] 🫥 Phantom Click at 254,1246 (Triggering Popunder...)
